
> temp-app@0.1.0 build
> next build

ÔÜá Warning: Next.js inferred your workspace root, but it may not be correct.
 We detected multiple lockfiles and selected the directory of C:\Users\matru\Code\package-lock.json as the root directory.
 To silence this warning, set `turbopack.root` in your Next.js config, or consider removing one of the lockfiles if it's not needed.
   See https://nextjs.org/docs/app/api-reference/config/next-config-js/turbopack#root-directory for more information.
 Detected additional lockfiles: 
   * C:\Users\matru\Code\ai-antigravity-gen\Fuel-tracker\package-lock.json

Ôû▓ Next.js 16.1.6 (Turbopack)
- Environments: .env.local

  Creating an optimized production build ...
Ô£ô Compiled successfully in 9.0s
  Running TypeScript ...
  Collecting page data using 15 workers ...
Error: API key must be set when using the Gemini API.
    at new <anonymous> (C:\Users\matru\Code\ai-antigravity-gen\Fuel-tracker\.next\server\chunks\[root-of-the-server]__a24c4591._.js:17:49775)
    at module evaluation (C:\Users\matru\Code\ai-antigravity-gen\Fuel-tracker\.next\server\chunks\[root-of-the-server]__a24c4591._.js:17:48318)
    at instantiateModule (C:\Users\matru\Code\ai-antigravity-gen\Fuel-tracker\.next\server\chunks\[turbopack]_runtime.js:740:9)
    at instantiateRuntimeModule (C:\Users\matru\Code\ai-antigravity-gen\Fuel-tracker\.next\server\chunks\[turbopack]_runtime.js:768:12)
    at getOrInstantiateRuntimeModule (C:\Users\matru\Code\ai-antigravity-gen\Fuel-tracker\.next\server\chunks\[turbopack]_runtime.js:781:12)
    at Object.m (C:\Users\matru\Code\ai-antigravity-gen\Fuel-tracker\.next\server\chunks\[turbopack]_runtime.js:790:18)
    at Object.<anonymous> (C:\Users\matru\Code\ai-antigravity-gen\Fuel-tracker\.next\server\app\api\copilot\route.js:6:3)

> Build error occurred
Error: Failed to collect page data for /api/copilot
    at ignore-listed frames {
  type: 'Error'
}
